// Jest Snapshot v1, https://goo.gl/fbAQLP

exports[`Main component Render children correctly 1`] = `
<main>
  1
</main>
`;

exports[`Main component Render throwable children correctly 1`] = `
<main>
  <div>
    <h2
      className=""
    >
      Oops
    </h2>
    <div>
      <div
        className=""
      >
        <p>
          Something went wrong
        </p>
        <p>
          Try to refresh page or visit another one.
        </p>
      </div>
    </div>
  </div>
</main>
`;
