// Jest Snapshot v1, https://goo.gl/fbAQLP

exports[`Navigation component Render itself correctly 1`] = `
<nav>
  <p>
    Options
  </p>
  <ul
    className=""
  >
    <a
      href="/"
      onClick={[Function]}
    >
      <li
        className=""
      >
        <svg
          fill="none"
          height="32"
          width="32"
          xmlns="http://www.w3.org/2000/svg"
        >
          <path
            d="M16 27.428c6.312 0 11.428-5.116 11.428-11.428C27.428 9.688 22.312 4.57 16 4.57 9.688 4.571 4.57 9.688 4.57 16S9.688 27.428 16 27.428z"
            stroke="#787885"
            strokeLinecap="round"
            strokeLinejoin="round"
            strokeWidth="2"
          />
          <path
            d="M16 20.572a4.571 4.571 0 100-9.143 4.571 4.571 0 000 9.143zM7.92 7.92l4.846 4.846M19.234 19.234l4.846 4.846M19.234 12.766L24.08 7.92M19.234 12.766L23.27 8.73M7.92 24.08l4.846-4.846"
            stroke="#787885"
            strokeLinecap="round"
            strokeLinejoin="round"
            strokeWidth="2"
          />
        </svg>
        <p>
          Game
        </p>
      </li>
    </a>
    <a
      href="/profile/details"
      onClick={[Function]}
    >
      <li
        className=""
      >
        <svg
          fill="none"
          height="32"
          width="32"
          xmlns="http://www.w3.org/2000/svg"
        >
          <path
            d="M25.143 26.286V24a4.57 4.57 0 00-4.572-4.571H11.43A4.571 4.571 0 006.857 24v2.286M16 14.857a4.571 4.571 0 100-9.143 4.571 4.571 0 000 9.143z"
            stroke="#787885"
            strokeLinecap="round"
            strokeLinejoin="round"
            strokeWidth="2"
          />
        </svg>
        <p>
          Profile
        </p>
      </li>
    </a>
    <a
      href="/score/leaderboard"
      onClick={[Function]}
    >
      <li
        className=""
      >
        <svg
          fill="none"
          height="32"
          width="32"
          xmlns="http://www.w3.org/2000/svg"
        >
          <path
            d="M16 19.429a8 8 0 100-16 8 8 0 000 16z"
            stroke="#787885"
            strokeLinecap="round"
            strokeLinejoin="round"
            strokeWidth="2"
          />
          <path
            d="M11.668 18.16L10.287 28.57 16 25.143l5.714 3.428-1.383-10.423"
            stroke="#787885"
            strokeLinecap="round"
            strokeLinejoin="round"
            strokeWidth="2"
          />
        </svg>
        <p>
          Score
        </p>
      </li>
    </a>
  </ul>
  <button
    className=""
    onClick={[Function]}
    type="button"
  >
    <li
      className=""
    >
      <svg
        fill="none"
        height="56"
        width="56"
        xmlns="http://www.w3.org/2000/svg"
      >
        <rect
          fill="#2A2731"
          height="56"
          rx="28"
          width="56"
        />
        <path
          d="M27.5 22.929L21.93 28.5l5.571 5.572M33.072 28.5H21.929"
          stroke="#787885"
          strokeLinecap="round"
          strokeLinejoin="round"
          strokeWidth="3"
        />
      </svg>
      <p>
        Exit
      </p>
    </li>
  </button>
</nav>
`;
